[wp1.themexlab.com/wp/cards/index.html]
[wp1.themexlab.com/wp/cards/wp-content/themes/cardsimg/favicon.ico]
[backblue.gif]
[fade.gif]
[index.html]
[wp1.themexlab.com/wp/cards/wp-content/plugins/contact-form-7/includes/css/styles5b31.css]
[wp1.themexlab.com/wp/cards/indexd784.html]
[wp1.themexlab.com/wp/cards/indexa6da.html]
[wp1.themexlab.com/wp/cards/index8d4b.html]
[wp1.themexlab.com/wp/cards/wp-content/themes/cards/vendor/bootstrap/css/bootstrap.min8a54.css]
[wp1.themexlab.com/wp/cards/wp-content/themes/cards/vendor/font-awesome/css/font-awesome.min8a54.css]
[wp1.themexlab.com/wp/cards/wp-content/themes/cards/vendor/nivo-lightbox/nivo-lightbox8a54.css]
[wp1.themexlab.com/wp/cards/wp-content/themes/cards/vendor/nivo-lightbox/themes/default/default8a54.css]
[wp1.themexlab.com/wp/cards/wp-content/themes/cards/vendor/perfect-scrollbar/css/perfect-scrollbar.min8a54.css]
[wp1.themexlab.com/wp/cards/wp-content/themes/cards/vendor/owl.carousel/owl-carousel/owl.carousel8a54.css]
[wp1.themexlab.com/wp/cards/wp-content/themes/cards/vendor/owl.carousel/owl-carousel/owl.theme8a54.css]
[wp1.themexlab.com/wp/cards/wp-content/themes/cards/style8a54.css]
[wp1.themexlab.com/wp/cards/wp-content/themes/cards/css/custom8a54.css]
[wp1.themexlab.com/wp/cards/wp-includes/js/jquery/jquery-migrate.min1576.js]
[wp1.themexlab.com/wp/cards/xmlrpc0db0.php]
[wp1.themexlab.com/wp/cards/wp-includes/wlwmanifest.xml]
[wp1.themexlab.com/wp/cards/wp-includes/js/jquery/jqueryc1d8.js]
[wp1.themexlab.com/wp/cards/wp-content/uploads/2015/12/profile2.jpg]
[wp1.themexlab.com/wp/cards/wp-content/uploads/2015/12/profile.jpg]
[wp1.themexlab.com/wp/cards/wp-content/uploads/2015/12/team1.jpg]
[wp1.themexlab.com/wp/cards/wp-content/uploads/2015/12/team3.jpg]
[wp1.themexlab.com/wp/cards/wp-content/uploads/2015/12/p1.jpg]
[wp1.themexlab.com/wp/cards/wp-content/uploads/2015/12/p4.jpg]
[wp1.themexlab.com/wp/cards/wp-content/uploads/2015/12/p5.jpg]
[wp1.themexlab.com/wp/cards/wp-content/uploads/2015/12/p6.jpg]
[wp1.themexlab.com/wp/cards/wp-content/uploads/2015/12/p7.jpg]
[wp1.themexlab.com/wp/cards/wp-content/uploads/2015/12/p8.jpg]
[wp1.themexlab.com/wp/cards/wp-content/uploads/2015/12/p9.jpg]
[wp1.themexlab.com/wp/cards/wp-content/uploads/2016/01/blog5.jpg]
[wp1.themexlab.com/wp/cards/index86fa.html]
[wp1.themexlab.com/wp/cards/wp-content/uploads/2016/01/blog1.jpg]
[wp1.themexlab.com/wp/cards/index9c49.html]
[wp1.themexlab.com/wp/cards/wp-content/uploads/2016/01/blog2.jpg]
[wp1.themexlab.com/wp/cards/indexd52d.html]
[wp1.themexlab.com/wp/cards/wp-content/uploads/2016/01/blog3.jpg]
[wp1.themexlab.com/wp/cards/index1c00.html]
[wp1.themexlab.com/wp/cards/wp-content/plugins/contact-form-7/includes/js/jquery.form.mind03d.js]
[wp1.themexlab.com/wp/cards/wp-content/plugins/contact-form-7/includes/js/scripts5b31.js]
[wp1.themexlab.com/wp/cards/wp-content/themes/cards/vendor/bootstrap/js/bootstrap.min8a54.js]
[wp1.themexlab.com/wp/cards/wp-content/themes/cards/vendor/validate8a54.js]
[wp1.themexlab.com/wp/cards/wp-content/themes/cards/vendor/holder8a54.js]
[wp1.themexlab.com/wp/cards/wp-content/themes/cards/vendor/nivo-lightbox/nivo-lightbox.min8a54.js]
[wp1.themexlab.com/wp/cards/wp-content/themes/cards/vendor/perfect-scrollbar/js/min/perfect-scrollbar.jquery.min8a54.js]
[wp1.themexlab.com/wp/cards/wp-content/themes/cards/vendor/owl.carousel/owl-carousel/owl.carousel8a54.js]
[wp1.themexlab.com/wp/cards/wp-content/themes/cards/vendor/cross-browser8a54.js]
[wp1.themexlab.com/wp/cards/wp-content/themes/cards/js/main8a54.js]
[wp1.themexlab.com/wp/cards/wp-includes/js/comment-reply.min0015.js]
[wp1.themexlab.com/wp/cards/index.html]
[wp1.themexlab.com/wp/cards/wp-content/themes/cardsimg/favicon.html]
[wp1.themexlab.com/wp/cards/wp-content/plugins/contact-form-7/includes/css/styles5b31.css]
[wp1.themexlab.com/wp/cards/wp-content/themes/cards/vendor/bootstrap/fonts/glyphicons-halflings-regular.eot]
[wp1.themexlab.com/wp/cards/wp-content/themes/cards/vendor/bootstrap/fonts/glyphicons-halflings-regular.woff]
[wp1.themexlab.com/wp/cards/wp-content/themes/cards/vendor/bootstrap/fonts/glyphicons-halflings-regular.ttf]
[wp1.themexlab.com/wp/cards/wp-content/themes/cards/vendor/bootstrap/css/bootstrap.min8a54.css]
[wp1.themexlab.com/wp/cards/wp-content/themes/cards/vendor/font-awesome/fonts/fontawesome-webfont93e3.eot]
[wp1.themexlab.com/wp/cards/wp-content/themes/cards/vendor/font-awesome/fonts/fontawesome-webfontd41d.eot]
[wp1.themexlab.com/wp/cards/wp-content/themes/cards/vendor/font-awesome/fonts/fontawesome-webfont93e3.woff]
[wp1.themexlab.com/wp/cards/wp-content/themes/cards/vendor/font-awesome/css/font-awesome.min8a54.css]
[wp1.themexlab.com/wp/cards/wp-content/themes/cards/vendor/nivo-lightbox/nivo-lightbox8a54.css]
[wp1.themexlab.com/wp/cards/wp-content/themes/cards/vendor/nivo-lightbox/themes/default/prev.png]
[wp1.themexlab.com/wp/cards/wp-content/themes/cards/vendor/nivo-lightbox/themes/default/next.png]
[wp1.themexlab.com/wp/cards/wp-content/themes/cards/vendor/nivo-lightbox/themes/default/close.png]
[wp1.themexlab.com/wp/cards/wp-content/themes/cards/vendor/nivo-lightbox/themes/default/loading@2x.gif]
[wp1.themexlab.com/wp/cards/wp-content/themes/cards/vendor/nivo-lightbox/themes/default/prev@2x.png]
[wp1.themexlab.com/wp/cards/wp-content/themes/cards/vendor/nivo-lightbox/themes/default/next@2x.png]
[wp1.themexlab.com/wp/cards/wp-content/themes/cards/vendor/nivo-lightbox/themes/default/close@2x.png]
[wp1.themexlab.com/wp/cards/wp-content/themes/cards/vendor/nivo-lightbox/themes/default/default8a54.css]
[wp1.themexlab.com/wp/cards/wp-content/themes/cards/vendor/perfect-scrollbar/css/perfect-scrollbar.min8a54.css]
[wp1.themexlab.com/wp/cards/wp-content/themes/cards/vendor/owl.carousel/owl-carousel/grabbing.png]
[wp1.themexlab.com/wp/cards/wp-content/themes/cards/vendor/owl.carousel/owl-carousel/owl.carousel8a54.css]
[wp1.themexlab.com/wp/cards/wp-content/themes/cards/vendor/owl.carousel/owl-carousel/AjaxLoader.gif]
[wp1.themexlab.com/wp/cards/wp-content/themes/cards/vendor/owl.carousel/owl-carousel/owl.theme8a54.css]
[wp1.themexlab.com/wp/cards/wp-content/themes/cards/img/bg1.jpg]
[wp1.themexlab.com/wp/cards/wp-content/themes/cards/img/bg-card2.png]
[wp1.themexlab.com/wp/cards/wp-content/themes/cards/img/hr1.png]
[wp1.themexlab.com/wp/cards/wp-content/themes/cards/img/bg-btn.png]
[wp1.themexlab.com/wp/cards/wp-content/themes/cards/style8a54.css]
[wp1.themexlab.com/wp/cards/wp-content/themes/cards/css/custom8a54.css]
[wp1.themexlab.com/wp/cards/wp-admin/admin-ajax.html]
[wp1.themexlab.com/wp/cards/wp-content/uploads/2015/12/team2.jpg]
[wp1.themexlab.com/wp/cards/index86fa.html]
[wp1.themexlab.com/wp/cards/index9c49.html]
[wp1.themexlab.com/wp/cards/wp-content/uploads/2015/12/p3.jpg]
[wp1.themexlab.com/wp/cards/index8619.html]
[wp1.themexlab.com/wp/cards/indexd52d.html]
[wp1.themexlab.com/wp/cards/index1c00.html]
[wp1.themexlab.com/wp/cards/indexb4d0.html]
[wp1.themexlab.com/wp/cards/wp-content/themes/cards/vendor/bootstrap/fonts/glyphicons-halflings-regulard41d.eot]
[wp1.themexlab.com/wp/cards/index9751.html]
[wp1.themexlab.com/wp/cards/wp-content/themes/cards/vendor/bootstrap/fonts/glyphicons-halflings-regular.svg]
[wp1.themexlab.com/wp/cards/wp-content/themes/cards/vendor/font-awesome/fonts/fontawesome-webfont93e3.html]
[wp1.themexlab.com/wp/cards/wp-content/themes/cards/vendor/font-awesome/fonts/fontawesome-webfont93e3.ttf]
[wp1.themexlab.com/wp/cards/wp-content/themes/cards/vendor/font-awesome/fonts/fontawesome-webfont93e3.svg]
[wp1.themexlab.com/wp/cards/wp-content/themes/cards/img/projects2.html]
[wp1.themexlab.com/wp/cards/wp-content/themes/cards/img/projects.html]
[wp1.themexlab.com/wp/cards/wp-content/uploads/2015/12/p2.jpg]
[wp1.themexlab.com/wp/cards/index227b.html]
[wp1.themexlab.com/wp/cards/indexe244.html]
[wp1.themexlab.com/wp/cards/wp-content/uploads/2016/01/blog4.jpg]
[wp1.themexlab.com/wp/cards/index9751.html]
[wp1.themexlab.com/wp/cards/index1441.html]
[wp1.themexlab.com/wp/cards/index5070.html]
[wp1.themexlab.com/wp/cards/wp-content/themes/cards/vendor/nivo-lightbox/themes/default/loading.gif]
[wp1.themexlab.com/wp/cards/index5070.html]
[wp1.themexlab.com/wp/cards/indexcd88.html]
[wp1.themexlab.com/wp/cards/index7737.html]
[wp1.themexlab.com/wp/cards/index7737.html]
[wp1.themexlab.com/wp/cards/index880a.html]
[wp1.themexlab.com/wp/cards/index433b.html]
[wp1.themexlab.com/wp/cards/index941d.html]
[wp1.themexlab.com/wp/cards/index8820.html]
[wp1.themexlab.com/wp/cards/index34f9.html]
[wp1.themexlab.com/wp/cards/indexdc22.html]
[wp1.themexlab.com/wp/cards/index8820.html]
[wp1.themexlab.com/wp/cards/index433b.html]
[wp1.themexlab.com/wp/cards/index941d.html]
[wp1.themexlab.com/wp/cards/index34f9.html]
[wp1.themexlab.com/wp/cards/index69dd.html]
[wp1.themexlab.com/wp/cards/indexdc22.html]
[wp1.themexlab.com/wp/cards/indexe887.html]
[wp1.themexlab.com/wp/cards/indexe887.html]
[wp1.themexlab.com/wp/cards/index2f6a.html]
[wp1.themexlab.com/wp/cards/index153d.html]
[wp1.themexlab.com/wp/cards/index153d.html]
[wp1.themexlab.com/wp/cards/index0b9d.html]
[wp1.themexlab.com/wp/cards/indexe6f0.html]
[wp1.themexlab.com/wp/cards/indexe6f0.html]
[wp1.themexlab.com/wp/cards/index19d7.html]
[wp1.themexlab.com/wp/cards/index3f5a.html]
[wp1.themexlab.com/wp/cards/index3f5a.html]
[wp1.themexlab.com/wp/cards/index78b2.html]
